#-----------------------------------------------------------
# Vivado v2018.3 (64-bit)
# SW Build 2405991 on Thu Dec  6 23:38:27 MST 2018
# IP Build 2404404 on Fri Dec  7 01:43:56 MST 2018
# Start of session at: Mon Nov 22 11:10:50 2021
# Process ID: 9304
# Current directory: C:/Users/BACJA/Documents/GitHub/UART_PCP/UART_transmitter
# Command line: vivado.exe -gui_launcher_event rodinguilauncherevent13624 C:\Users\BACJA\Documents\GitHub\UART_PCP\UART_transmitter\UART_transmitter.xpr
# Log file: C:/Users/BACJA/Documents/GitHub/UART_PCP/UART_transmitter/vivado.log
# Journal file: C:/Users/BACJA/Documents/GitHub/UART_PCP/UART_transmitter\vivado.jou
#-----------------------------------------------------------
start_gui
open_project C:/Users/BACJA/Documents/GitHub/UART_PCP/UART_transmitter/UART_transmitter.xpr
update_compile_order -fileset sources_1
launch_simulation
source FSM_tb.tcl
run all
close_sim
launch_simulation
update_compile_order -fileset sources_1
launch_simulation
launch_simulation
launch_simulation
source FSM_tb.tcl
run all
add_bp {C:/Users/BACJA/Documents/GitHub/UART_PCP/UART_transmitter/UART_transmitter.srcs/sources_1/new/baud_gen.v} 38
run all
add_bp {C:/Users/BACJA/Documents/GitHub/UART_PCP/UART_transmitter/UART_transmitter.srcs/sources_1/new/baud_gen.v} 46
add_bp {C:/Users/BACJA/Documents/GitHub/UART_PCP/UART_transmitter/UART_transmitter.srcs/sources_1/new/baud_gen.v} 43
run all
run all
run all
run all
remove_bps -file {C:/Users/BACJA/Documents/GitHub/UART_PCP/UART_transmitter/UART_transmitter.srcs/sources_1/new/baud_gen.v} -line 46
run all
remove_bps -file {C:/Users/BACJA/Documents/GitHub/UART_PCP/UART_transmitter/UART_transmitter.srcs/sources_1/new/baud_gen.v} -line 38
run all
close_sim
launch_simulation
source FSM_tb.tcl
run all
add_bp {C:/Users/BACJA/Documents/GitHub/UART_PCP/UART_transmitter/UART_transmitter.srcs/sources_1/new/baud_gen.v} 46
close_sim
launch_simulation
source FSM_tb.tcl
run all
add_bp {C:/Users/BACJA/Documents/GitHub/UART_PCP/UART_transmitter/UART_transmitter.srcs/sources_1/new/baud_gen.v} 47
run all
close_sim
launch_simulation
source FSM_tb.tcl
close_sim
launch_simulation
source FSM_tb.tcl
run all
remove_bps -file {C:/Users/BACJA/Documents/GitHub/UART_PCP/UART_transmitter/UART_transmitter.srcs/sources_1/new/baud_gen.v} -line 46
run all
remove_bps -file {C:/Users/BACJA/Documents/GitHub/UART_PCP/UART_transmitter/UART_transmitter.srcs/sources_1/new/baud_gen.v} -line 47
remove_bps -file {C:/Users/BACJA/Documents/GitHub/UART_PCP/UART_transmitter/UART_transmitter.srcs/sources_1/new/baud_gen.v} -line 43
run all
run all
run all
close_sim
launch_simulation
launch_simulation
source FSM_tb.tcl
run all
close_sim
launch_simulation
source FSM_tb.tcl
run all
close_sim
launch_simulation
source FSM_tb.tcl
run all
close_sim
launch_simulation
source FSM_tb.tcl
run all
close_sim
launch_simulation
update_compile_order -fileset sources_1
launch_simulation
source FSM_tb.tcl
run all
close_sim
launch_simulation
source FSM_tb.tcl
update_compile_order -fileset sources_1
run all
close_sim
launch_simulation
source FSM_tb.tcl
run all
close_sim
launch_simulation
source FSM_tb.tcl
run all
close_sim
launch_simulation
source FSM_tb.tcl
run all
close_sim
launch_simulation
source FSM_tb.tcl
run all
add_bp {C:/Users/BACJA/Documents/GitHub/UART_PCP/UART_transmitter/UART_transmitter.srcs/sources_1/new/FSM.v} 55
run all
relaunch_sim
close_sim
launch_simulation
source FSM_tb.tcl
remove_bps -file {C:/Users/BACJA/Documents/GitHub/UART_PCP/UART_transmitter/UART_transmitter.srcs/sources_1/new/FSM.v} -line 55
run all
run all
close_sim
launch_simulation
source FSM_tb.tcl
run all
add_bp {C:/Users/BACJA/Documents/GitHub/UART_PCP/UART_transmitter/UART_transmitter.srcs/sources_1/new/FSM.v} 55
relaunch_sim
add_bp {C:/Users/BACJA/Documents/GitHub/UART_PCP/UART_transmitter/UART_transmitter.srcs/sources_1/new/FSM.v} 58
run all
run all
run all
remove_bps -file {C:/Users/BACJA/Documents/GitHub/UART_PCP/UART_transmitter/UART_transmitter.srcs/sources_1/new/FSM.v} -line 55
run all
add_bp {C:/Users/BACJA/Documents/GitHub/UART_PCP/UART_transmitter/UART_transmitter.srcs/sources_1/new/FSM.v} 64
add_bp {C:/Users/BACJA/Documents/GitHub/UART_PCP/UART_transmitter/UART_transmitter.srcs/sources_1/new/FSM.v} 65
add_bp {C:/Users/BACJA/Documents/GitHub/UART_PCP/UART_transmitter/UART_transmitter.srcs/sources_1/new/FSM.v} 140
run all
add_bp {C:/Users/BACJA/Documents/GitHub/UART_PCP/UART_transmitter/UART_transmitter.srcs/sources_1/new/FSM.v} 67
remove_bps -file {C:/Users/BACJA/Documents/GitHub/UART_PCP/UART_transmitter/UART_transmitter.srcs/sources_1/new/FSM.v} -line 64
run all
run all
remove_bps -file {C:/Users/BACJA/Documents/GitHub/UART_PCP/UART_transmitter/UART_transmitter.srcs/sources_1/new/FSM.v} -line 140
run all
run all
run all
add_bp {C:/Users/BACJA/Documents/GitHub/UART_PCP/UART_transmitter/UART_transmitter.srcs/sources_1/new/FSM.v} 143
run all
add_bp {C:/Users/BACJA/Documents/GitHub/UART_PCP/UART_transmitter/UART_transmitter.srcs/sources_1/new/FSM.v} 146
run all
run all
close_sim
launch_simulation
source FSM_tb.tcl
run all
remove_bps -file {C:/Users/BACJA/Documents/GitHub/UART_PCP/UART_transmitter/UART_transmitter.srcs/sources_1/new/FSM.v} -line 65
remove_bps -file {C:/Users/BACJA/Documents/GitHub/UART_PCP/UART_transmitter/UART_transmitter.srcs/sources_1/new/FSM.v} -line 67
add_bp {C:/Users/BACJA/Documents/GitHub/UART_PCP/UART_transmitter/UART_transmitter.srcs/sources_1/new/FSM.v} 85
run all
run all
remove_bps -file {C:/Users/BACJA/Documents/GitHub/UART_PCP/UART_transmitter/UART_transmitter.srcs/sources_1/new/FSM.v} -line 143
run all
remove_bps -file {C:/Users/BACJA/Documents/GitHub/UART_PCP/UART_transmitter/UART_transmitter.srcs/sources_1/new/FSM.v} -line 146
run all
run all
remove_bps -file {C:/Users/BACJA/Documents/GitHub/UART_PCP/UART_transmitter/UART_transmitter.srcs/sources_1/new/FSM.v} -line 85
run all
close_sim
launch_simulation
source FSM_tb.tcl
run all
run all
close_sim
launch_simulation
source FSM_tb.tcl
remove_bps -file {C:/Users/BACJA/Documents/GitHub/UART_PCP/UART_transmitter/UART_transmitter.srcs/sources_1/new/FSM.v} -line 58
run all
run all
add_bp {C:/Users/BACJA/Documents/GitHub/UART_PCP/UART_transmitter/UART_transmitter.srcs/sources_1/new/FSM.v} 86
remove_bps -file {C:/Users/BACJA/Documents/GitHub/UART_PCP/UART_transmitter/UART_transmitter.srcs/sources_1/new/FSM.v} -line 86
add_bp {C:/Users/BACJA/Documents/GitHub/UART_PCP/UART_transmitter/UART_transmitter.srcs/sources_1/new/FSM.v} 137
add_bp {C:/Users/BACJA/Documents/GitHub/UART_PCP/UART_transmitter/UART_transmitter.srcs/sources_1/new/FSM.v} 140
add_bp {C:/Users/BACJA/Documents/GitHub/UART_PCP/UART_transmitter/UART_transmitter.srcs/sources_1/new/FSM.v} 143
add_bp {C:/Users/BACJA/Documents/GitHub/UART_PCP/UART_transmitter/UART_transmitter.srcs/sources_1/new/FSM.v} 146
remove_bps -file {C:/Users/BACJA/Documents/GitHub/UART_PCP/UART_transmitter/UART_transmitter.srcs/sources_1/new/FSM.v} -line 146
add_bp {C:/Users/BACJA/Documents/GitHub/UART_PCP/UART_transmitter/UART_transmitter.srcs/sources_1/new/FSM.v} 146
add_bp {C:/Users/BACJA/Documents/GitHub/UART_PCP/UART_transmitter/UART_transmitter.srcs/sources_1/new/FSM.v} 149
add_bp {C:/Users/BACJA/Documents/GitHub/UART_PCP/UART_transmitter/UART_transmitter.srcs/sources_1/new/FSM.v} 152
add_bp {C:/Users/BACJA/Documents/GitHub/UART_PCP/UART_transmitter/UART_transmitter.srcs/sources_1/new/FSM.v} 155
add_bp {C:/Users/BACJA/Documents/GitHub/UART_PCP/UART_transmitter/UART_transmitter.srcs/sources_1/new/FSM.v} 158
add_bp {C:/Users/BACJA/Documents/GitHub/UART_PCP/UART_transmitter/UART_transmitter.srcs/sources_1/new/FSM.v} 161
add_bp {C:/Users/BACJA/Documents/GitHub/UART_PCP/UART_transmitter/UART_transmitter.srcs/sources_1/new/FSM.v} 164
add_bp {C:/Users/BACJA/Documents/GitHub/UART_PCP/UART_transmitter/UART_transmitter.srcs/sources_1/new/FSM.v} 167
relaunch_sim
run all
run all
run all
run all
run all
run all
run all
close_sim
launch_simulation
source FSM_tb.tcl
run all
add_files -norecurse {C:/Users/BACJA/Verilog/UART/UART_Receiver/UART.srcs/sources_1/new/UART_Receiver_DataOutRegister.v C:/Users/BACJA/Verilog/UART/UART_Receiver/UART.srcs/sources_1/new/UART_Receiver_FSM.v C:/Users/BACJA/Verilog/UART/UART_Receiver/UART.srcs/sources_1/new/UART_Receiver_ShiftRegister.v C:/Users/BACJA/Verilog/UART/UART_Receiver/UART.srcs/sources_1/new/UART_Receiver.v C:/Users/BACJA/Verilog/UART/UART_Receiver/UART.srcs/sources_1/new/UART_Receiver_MidBitGenerator.v C:/Users/BACJA/Verilog/UART/UART_Receiver/UART.srcs/sources_1/new/UART_Receiver_Baud16Generator.v}
update_compile_order -fileset sources_1
close [ open C:/Users/BACJA/Documents/GitHub/UART_PCP/UART_transmitter/UART_transmitter.srcs/sources_1/new/UART.v w ]
add_files C:/Users/BACJA/Documents/GitHub/UART_PCP/UART_transmitter/UART_transmitter.srcs/sources_1/new/UART.v
update_compile_order -fileset sources_1
close_sim
launch_simulation
update_compile_order -fileset sources_1
launch_simulation
launch_simulation
launch_simulation
launch_simulation
source FSM_tb.tcl
run all
close_sim
launch_simulation
source FSM_tb.tcl
run all
close_sim
launch_simulation
source FSM_tb.tcl
run all
close_sim
